// Jest Snapshot v1, https://goo.gl/fbAQLP

exports[`match snapshot at home 1`] = `
@keyframes animation-0 {
  from {
    -webkit-transform: rotate(0deg);
    -ms-transform: rotate(0deg);
    transform: rotate(0deg);
  }

  to {
    -webkit-transform: rotate(360deg);
    -ms-transform: rotate(360deg);
    transform: rotate(360deg);
  }
}

.emotion-3 {
  text-align: center;
}

.emotion-2 {
  background-color: #282c34;
  min-height: 100vh;
  display: -webkit-box;
  display: -webkit-flex;
  display: -ms-flexbox;
  display: flex;
  -webkit-flex-direction: column;
  -ms-flex-direction: column;
  flex-direction: column;
  -webkit-align-items: center;
  -webkit-box-align: center;
  -ms-flex-align: center;
  align-items: center;
  -webkit-box-pack: center;
  -webkit-justify-content: center;
  -ms-flex-pack: center;
  justify-content: center;
  font-size: calc(10px + 2vmin);
  color: white;
}

.emotion-0 {
  -webkit-animation: animation-0 infinite 20s linear;
  animation: animation-0 infinite 20s linear;
  height: 40vmin;
}

.emotion-1 {
  color: #61dafb;
}

<div
  class="emotion-3"
>
  <header
    class="emotion-2"
  >
    <img
      alt="logo"
      class="emotion-0"
      src="logo.svg"
    />
    <p>
      Edit
       
      <code>
        src/Home.js
      </code>
       
      and save to reload.
    </p>
    <a
      class="emotion-1"
      href="https://reactjs.org"
      rel="noopener noreferrer"
      target="_blank"
    >
      Learn React
    </a>
    <button
      type="button"
    >
      Emotion
       
      <code>
        css
      </code>
       
      example
    </button>
  </header>
</div>
`;

exports[`match snapshot at not found 1`] = `
<div>
  not found
</div>
`;
